// Jest Snapshot v1, https://goo.gl/fbAQLP

exports[`should render app 1`] = `
<div
  className="app"
>
  hello world
</div>
`;
